// Vitest Snapshot v1, https://vitest.dev/guide/snapshot.html

exports[`snapshot test 1`] = `
{
  "Parameters": {
    "BootstrapVersion": {
      "Default": "/cdk-bootstrap/hnb659fds/version",
      "Description": "Version of the CDK Bootstrap resources in this environment, automatically retrieved from SSM Parameter Store. [cdk:skip]",
      "Type": "AWS::SSM::Parameter::Value<String>",
    },
  },
  "Resources": {
    "BedrockTrainLambda3FDE6CA3": {
      "DependsOn": [
        "BedrockTrainLambdaServiceRoleDefaultPolicyA05D87BE",
        "BedrockTrainLambdaServiceRole82418156",
      ],
      "Properties": {
        "Architectures": [
          "arm64",
        ],
        "Code": {
          "S3Bucket": {
            "Fn::Sub": "cdk-hnb659fds-assets-\${AWS::AccountId}-\${AWS::Region}",
          },
          "S3Key": "HASH-REPLACED.zip",
        },
        "Handler": "index.handler",
        "Role": {
          "Fn::GetAtt": [
            "BedrockTrainLambdaServiceRole82418156",
            "Arn",
          ],
        },
        "Runtime": "nodejs18.x",
        "Timeout": 30,
        "TracingConfig": {
          "Mode": "Active",
        },
      },
      "Type": "AWS::Lambda::Function",
    },
    "BedrockTrainLambdaServiceRole82418156": {
      "Properties": {
        "AssumeRolePolicyDocument": {
          "Statement": [
            {
              "Action": "sts:AssumeRole",
              "Effect": "Allow",
              "Principal": {
                "Service": "lambda.amazonaws.com",
              },
            },
          ],
          "Version": "2012-10-17",
        },
        "ManagedPolicyArns": [
          {
            "Fn::Join": [
              "",
              [
                "arn:",
                {
                  "Ref": "AWS::Partition",
                },
                ":iam::aws:policy/service-role/AWSLambdaBasicExecutionRole",
              ],
            ],
          },
        ],
      },
      "Type": "AWS::IAM::Role",
    },
    "BedrockTrainLambdaServiceRoleDefaultPolicyA05D87BE": {
      "Properties": {
        "PolicyDocument": {
          "Statement": [
            {
              "Action": "bedrock:InvokeModel",
              "Effect": "Allow",
              "Resource": "*",
            },
            {
              "Action": [
                "xray:PutTraceSegments",
                "xray:PutTelemetryRecords",
              ],
              "Effect": "Allow",
              "Resource": "*",
            },
          ],
          "Version": "2012-10-17",
        },
        "PolicyName": "BedrockTrainLambdaServiceRoleDefaultPolicyA05D87BE",
        "Roles": [
          {
            "Ref": "BedrockTrainLambdaServiceRole82418156",
          },
        ],
      },
      "Type": "AWS::IAM::Policy",
    },
  },
  "Rules": {
    "CheckBootstrapVersion": {
      "Assertions": [
        {
          "Assert": {
            "Fn::Not": [
              {
                "Fn::Contains": [
                  [
                    "1",
                    "2",
                    "3",
                    "4",
                    "5",
                  ],
                  {
                    "Ref": "BootstrapVersion",
                  },
                ],
              },
            ],
          },
          "AssertDescription": "CDK bootstrap stack version 6 required. Please run 'cdk bootstrap' with a recent version of the CDK CLI.",
        },
      ],
    },
  },
}
`;
